
> clickpet@0.1.0 test
> jest

node.exe : FAIL tests/r
egistration.test.ts
No linha:1 caractere:1
+ & "C:\Program 
Files\nodejs/node.exe" 
"C:\Users\brito\AppData
\Roaming\ ...
+ ~~~~~~~~~~~~~~~~~~~~~
~~~~~~~~~~~~~~~~~~~~~~~
~~~~~~~~~~~~~~~~~~~~~~~
~~
    + CategoryInfo     
         : NotSpecifi  
  ed: (FAIL tests/re   
 gistration.test.ts    
:String) [], Remot    
eException
    + FullyQualifiedEr 
   rorId : NativeComm  
  andError
 
  ÔùÅ Test suite 
failed to run

    missing required 
secret

    [0m [90m 111 
|[39m }
     [90m 112 |[39m
    [31m[1m>[22m[39
m[90m 113 |[39m [33m
UserSchema[39m[33m.[
39mplugin(fieldEncrypti
on[33m,[39m {
     [90m     |[39m  
          
[31m[1m^[22m[39m
     [90m 114 |[39m  
   fields[33m:[39m [
[32m'cnpj'[39m[33m,[
39m [32m'cpf'[39m[33
m,[39m [32m'phone'[3
9m[33m,[39m [32m'add
ress.street'[39m[33m,
[39m [32m'address.num
ber'[39m[33m,[39m [
32m'address.complement'
[39m[33m,[39m [32m'
address.neighborhood'[
39m[33m,[39m [32m'ad
dress.city'[39m[33m,
[39m [32m'address.stat
e'[39m[33m,[39m [32
m'address.zip'[39m[33
m,[39m [32m'twoFactor
Secret'[39m][33m,[39
m
     [90m 115 |[39m  
   secret[33m:[39m 
[33mENC_KEY[39m 
[33m||[39m 
[32m''[39m
     [90m 116 |[39m 
})[33m;[39m[0m

      at 
fieldEncryption (node_m
odules/mongoose-field-e
ncryption/lib/mongoose-
field-encryption.js:85:
11)
      at Schema.plugin 
(node_modules/mongoose/
lib/schema.js:2176:3)
      at 
Object.<anonymous> (src
/models/User.ts:113:12)
      at 
Object.<anonymous> (src
/app/api/register/route
.ts:3:1)
      at 
Object.<anonymous> (tes
ts/registration.test.ts
:1:1)

FAIL 
tests/orders.test.ts
  ÔùÅ Test suite 
failed to run

    missing required 
secret

    [0m [90m 111 
|[39m }
     [90m 112 |[39m
    [31m[1m>[22m[39
m[90m 113 |[39m [33m
UserSchema[39m[33m.[
39mplugin(fieldEncrypti
on[33m,[39m {
     [90m     |[39m  
          
[31m[1m^[22m[39m
     [90m 114 |[39m  
   fields[33m:[39m [
[32m'cnpj'[39m[33m,[
39m [32m'cpf'[39m[33
m,[39m [32m'phone'[3
9m[33m,[39m [32m'add
ress.street'[39m[33m,
[39m [32m'address.num
ber'[39m[33m,[39m [
32m'address.complement'
[39m[33m,[39m [32m'
address.neighborhood'[
39m[33m,[39m [32m'ad
dress.city'[39m[33m,
[39m [32m'address.stat
e'[39m[33m,[39m [32
m'address.zip'[39m[33
m,[39m [32m'twoFactor
Secret'[39m][33m,[39
m
     [90m 115 |[39m  
   secret[33m:[39m 
[33mENC_KEY[39m 
[33m||[39m 
[32m''[39m
     [90m 116 |[39m 
})[33m;[39m[0m

      at 
fieldEncryption (node_m
odules/mongoose-field-e
ncryption/lib/mongoose-
field-encryption.js:85:
11)
      at Schema.plugin 
(node_modules/mongoose/
lib/schema.js:2176:3)
      at 
Object.<anonymous> (src
/models/User.ts:113:12)
      at 
Object.<anonymous> (src
/models/Order.ts:3:1)
      at 
Object.<anonymous> (src
/app/api/orders/route.t
s:4:1)
      at 
Object.<anonymous> (tes
ts/orders.test.ts:1:1)

FAIL 
tests/products.test.ts
  ÔùÅ Test suite 
failed to run

    missing required 
secret

    [0m [90m 111 
|[39m }
     [90m 112 |[39m
    [31m[1m>[22m[39
m[90m 113 |[39m [33m
UserSchema[39m[33m.[
39mplugin(fieldEncrypti
on[33m,[39m {
     [90m     |[39m  
          
[31m[1m^[22m[39m
     [90m 114 |[39m  
   fields[33m:[39m [
[32m'cnpj'[39m[33m,[
39m [32m'cpf'[39m[33
m,[39m [32m'phone'[3
9m[33m,[39m [32m'add
ress.street'[39m[33m,
[39m [32m'address.num
ber'[39m[33m,[39m [
32m'address.complement'
[39m[33m,[39m [32m'
address.neighborhood'[
39m[33m,[39m [32m'ad
dress.city'[39m[33m,
[39m [32m'address.stat
e'[39m[33m,[39m [32
m'address.zip'[39m[33
m,[39m [32m'twoFactor
Secret'[39m][33m,[39
m
     [90m 115 |[39m  
   secret[33m:[39m 
[33mENC_KEY[39m 
[33m||[39m 
[32m''[39m
     [90m 116 |[39m 
})[33m;[39m[0m

      at 
fieldEncryption (node_m
odules/mongoose-field-e
ncryption/lib/mongoose-
field-encryption.js:85:
11)
      at Schema.plugin 
(node_modules/mongoose/
lib/schema.js:2176:3)
      at 
Object.<anonymous> (src
/models/User.ts:113:12)
      at 
Object.<anonymous> (src
/models/Product.ts:3:1)
      at 
Object.<anonymous> (src
/app/api/products/route
.ts:3:1)
      at 
Object.<anonymous> (tes
ts/products.test.ts:1:1
)

Test Suites: 3 failed, 
3 total
Tests:       0 total
Snapshots:   0 total
Time:        3.6 s
Ran all test suites.
